------------------------------------------------------------
Timing Analyzer Summary
------------------------------------------------------------

Type  : Slow 1100mV 85C Model Setup 'i_risv_mike_pll|risv_mike_pll_inst|altera_pll_i|general[0].gpll~PLL_OUTPUT_COUNTER|divclk'
Slack : 5.151
TNS   : 0.000

Type  : Slow 1100mV 85C Model Setup 'clk'
Slack : 18.993
TNS   : 0.000

Type  : Slow 1100mV 85C Model Hold 'i_risv_mike_pll|risv_mike_pll_inst|altera_pll_i|general[0].gpll~PLL_OUTPUT_COUNTER|divclk'
Slack : 0.334
TNS   : 0.000

Type  : Slow 1100mV 85C Model Hold 'clk'
Slack : 0.432
TNS   : 0.000

Type  : Slow 1100mV 85C Model Minimum Pulse Width 'i_risv_mike_pll|risv_mike_pll_inst|altera_pll_i|general[0].gpll~FRACTIONAL_PLL|vcoph[0]'
Slack : 1.666
TNS   : 0.000

Type  : Slow 1100mV 85C Model Minimum Pulse Width 'clk'
Slack : 9.399
TNS   : 0.000

Type  : Slow 1100mV 85C Model Minimum Pulse Width 'i_risv_mike_pll|risv_mike_pll_inst|altera_pll_i|general[0].gpll~PLL_OUTPUT_COUNTER|divclk'
Slack : 398.777
TNS   : 0.000

Type  : Slow 1100mV 0C Model Setup 'i_risv_mike_pll|risv_mike_pll_inst|altera_pll_i|general[0].gpll~PLL_OUTPUT_COUNTER|divclk'
Slack : 5.971
TNS   : 0.000

Type  : Slow 1100mV 0C Model Setup 'clk'
Slack : 18.990
TNS   : 0.000

Type  : Slow 1100mV 0C Model Hold 'i_risv_mike_pll|risv_mike_pll_inst|altera_pll_i|general[0].gpll~PLL_OUTPUT_COUNTER|divclk'
Slack : 0.290
TNS   : 0.000

Type  : Slow 1100mV 0C Model Hold 'clk'
Slack : 0.434
TNS   : 0.000

Type  : Slow 1100mV 0C Model Minimum Pulse Width 'i_risv_mike_pll|risv_mike_pll_inst|altera_pll_i|general[0].gpll~FRACTIONAL_PLL|vcoph[0]'
Slack : 1.666
TNS   : 0.000

Type  : Slow 1100mV 0C Model Minimum Pulse Width 'clk'
Slack : 9.325
TNS   : 0.000

Type  : Slow 1100mV 0C Model Minimum Pulse Width 'i_risv_mike_pll|risv_mike_pll_inst|altera_pll_i|general[0].gpll~PLL_OUTPUT_COUNTER|divclk'
Slack : 398.755
TNS   : 0.000

Type  : Fast 1100mV 85C Model Setup 'i_risv_mike_pll|risv_mike_pll_inst|altera_pll_i|general[0].gpll~PLL_OUTPUT_COUNTER|divclk'
Slack : 8.947
TNS   : 0.000

Type  : Fast 1100mV 85C Model Setup 'clk'
Slack : 19.389
TNS   : 0.000

Type  : Fast 1100mV 85C Model Hold 'i_risv_mike_pll|risv_mike_pll_inst|altera_pll_i|general[0].gpll~PLL_OUTPUT_COUNTER|divclk'
Slack : 0.183
TNS   : 0.000

Type  : Fast 1100mV 85C Model Hold 'clk'
Slack : 0.263
TNS   : 0.000

Type  : Fast 1100mV 85C Model Minimum Pulse Width 'i_risv_mike_pll|risv_mike_pll_inst|altera_pll_i|general[0].gpll~FRACTIONAL_PLL|vcoph[0]'
Slack : 1.666
TNS   : 0.000

Type  : Fast 1100mV 85C Model Minimum Pulse Width 'clk'
Slack : 9.417
TNS   : 0.000

Type  : Fast 1100mV 85C Model Minimum Pulse Width 'i_risv_mike_pll|risv_mike_pll_inst|altera_pll_i|general[0].gpll~PLL_OUTPUT_COUNTER|divclk'
Slack : 398.886
TNS   : 0.000

Type  : Fast 1100mV 0C Model Setup 'i_risv_mike_pll|risv_mike_pll_inst|altera_pll_i|general[0].gpll~PLL_OUTPUT_COUNTER|divclk'
Slack : 10.591
TNS   : 0.000

Type  : Fast 1100mV 0C Model Setup 'clk'
Slack : 19.418
TNS   : 0.000

Type  : Fast 1100mV 0C Model Hold 'i_risv_mike_pll|risv_mike_pll_inst|altera_pll_i|general[0].gpll~PLL_OUTPUT_COUNTER|divclk'
Slack : 0.172
TNS   : 0.000

Type  : Fast 1100mV 0C Model Hold 'clk'
Slack : 0.254
TNS   : 0.000

Type  : Fast 1100mV 0C Model Minimum Pulse Width 'i_risv_mike_pll|risv_mike_pll_inst|altera_pll_i|general[0].gpll~FRACTIONAL_PLL|vcoph[0]'
Slack : 1.666
TNS   : 0.000

Type  : Fast 1100mV 0C Model Minimum Pulse Width 'clk'
Slack : 9.417
TNS   : 0.000

Type  : Fast 1100mV 0C Model Minimum Pulse Width 'i_risv_mike_pll|risv_mike_pll_inst|altera_pll_i|general[0].gpll~PLL_OUTPUT_COUNTER|divclk'
Slack : 398.886
TNS   : 0.000

------------------------------------------------------------
