Partition Merge report for RISC_V_multi_UART
Tue Mar 19 23:25:56 2024
Quartus Prime Version 22.1std.2 Build 922 07/20/2023 SC Lite Edition


---------------------
; Table of Contents ;
---------------------
  1. Legal Notice
  2. Partition Merge Summary
  3. Partition Merge Netlist Types Used
  4. Connections to In-System Debugging Instance "auto_signaltap_0"
  5. Partition Merge Partition Statistics
  6. Partition Merge Partition Pin Processing
  7. Partition Merge Resource Usage Summary
  8. Partition Merge RAM Summary
  9. Partition Merge Messages



----------------
; Legal Notice ;
----------------
Copyright (C) 2023  Intel Corporation. All rights reserved.
Your use of Intel Corporation's design tools, logic functions 
and other software and tools, and any partner logic 
functions, and any output files from any of the foregoing 
(including device programming or simulation files), and any 
associated documentation or information are expressly subject 
to the terms and conditions of the Intel Program License 
Subscription Agreement, the Intel Quartus Prime License Agreement,
the Intel FPGA IP License Agreement, or other applicable license
agreement, including, without limitation, that your use is for
the sole purpose of programming logic devices manufactured by
Intel and sold by Intel or its authorized distributors.  Please
refer to the applicable agreement for further details, at
https://fpgasoftware.intel.com/eula.



+----------------------------------------------------------------------------------+
; Partition Merge Summary                                                          ;
+---------------------------------+------------------------------------------------+
; Partition Merge Status          ; Successful - Tue Mar 19 23:25:56 2024          ;
; Quartus Prime Version           ; 22.1std.2 Build 922 07/20/2023 SC Lite Edition ;
; Revision Name                   ; RISC_V_multi_UART                              ;
; Top-level Entity Name           ; risc_v_mike_top                                ;
; Family                          ; Cyclone V                                      ;
; Logic utilization (in ALMs)     ; N/A                                            ;
; Total registers                 ; 18761                                          ;
; Total pins                      ; 20                                             ;
; Total virtual pins              ; 0                                              ;
; Total block memory bits         ; 54,272                                         ;
; Total DSP Blocks                ; 0                                              ;
; Total HSSI RX PCSs              ; 0                                              ;
; Total HSSI PMA RX Deserializers ; 0                                              ;
; Total HSSI TX PCSs              ; 0                                              ;
; Total HSSI PMA TX Serializers   ; 0                                              ;
; Total PLLs                      ; 0                                              ;
; Total DLLs                      ; 0                                              ;
+---------------------------------+------------------------------------------------+


+-------------------------------------------------------------------------------------------------------------------------------+
; Partition Merge Netlist Types Used                                                                                            ;
+--------------------------------+----------------+-------------------+------------------------+--------------------------------+
; Partition Name                 ; Partition Type ; Netlist Type Used ; Netlist Type Requested ; Partition Contents             ;
+--------------------------------+----------------+-------------------+------------------------+--------------------------------+
; Top                            ; User-created   ; Source File       ; Source File            ;                                ;
; sld_hub:auto_hub               ; Auto-generated ; Post-Synthesis    ; Post-Synthesis         ; sld_hub:auto_hub               ;
; sld_signaltap:auto_signaltap_0 ; Auto-generated ; Post-Synthesis    ; Post-Synthesis         ; sld_signaltap:auto_signaltap_0 ;
; hard_block:auto_generated_inst ; Auto-generated ; Source File       ; Source File            ; hard_block:auto_generated_inst ;
+--------------------------------+----------------+-------------------+------------------------+--------------------------------+


+------------------------------------------------------------------------------------------------------------------------------------------------------------------------------------------------------------------------------------------------------------------------------------------------------------------------------------------------------------------+
; Connections to In-System Debugging Instance "auto_signaltap_0"                                                                                                                                                                                                                                                                                                   ;
+-------------------------------------------------------------------------------------------+--------------+-----------+--------------------------------+-------------------+-------------------------------------------------------------------------------------------+------------------------------------------------------------------------------------------+
; Name                                                                                      ; Type         ; Status    ; Partition Name                 ; Netlist Type Used ; Actual Connection                                                                         ; Details                                                                                  ;
+-------------------------------------------------------------------------------------------+--------------+-----------+--------------------------------+-------------------+-------------------------------------------------------------------------------------------+------------------------------------------------------------------------------------------+
; UART_UNCORE:i_UART_UNCORE|UART_MIKE:i_top_UART_MIKE|rx_flag                               ; post-fitting ; connected ; Top                            ; post-synthesis    ; UART_UNCORE:i_UART_UNCORE|UART_MIKE:i_top_UART_MIKE|rx_flag                               ; N/A                                                                                      ;
; UART_UNCORE:i_UART_UNCORE|UART_MIKE:i_top_UART_MIKE|rx_flag                               ; post-fitting ; connected ; Top                            ; post-synthesis    ; UART_UNCORE:i_UART_UNCORE|UART_MIKE:i_top_UART_MIKE|rx_flag                               ; N/A                                                                                      ;
; UART_UNCORE:i_UART_UNCORE|UART_MIKE:i_top_UART_MIKE|tx_send_ff                            ; post-fitting ; connected ; Top                            ; post-synthesis    ; UART_UNCORE:i_UART_UNCORE|UART_MIKE:i_top_UART_MIKE|tx_send_ff                            ; N/A                                                                                      ;
; UART_UNCORE:i_UART_UNCORE|UART_MIKE:i_top_UART_MIKE|tx_send_ff                            ; post-fitting ; connected ; Top                            ; post-synthesis    ; UART_UNCORE:i_UART_UNCORE|UART_MIKE:i_top_UART_MIKE|tx_send_ff                            ; N/A                                                                                      ;
; UART_UNCORE:i_UART_UNCORE|risc_v_mike_gpio_module:i_risc_v_mike_gpio_module|rx_data_ff[0] ; post-fitting ; connected ; Top                            ; post-synthesis    ; UART_UNCORE:i_UART_UNCORE|risc_v_mike_gpio_module:i_risc_v_mike_gpio_module|rx_data_ff[0] ; N/A                                                                                      ;
; UART_UNCORE:i_UART_UNCORE|risc_v_mike_gpio_module:i_risc_v_mike_gpio_module|rx_data_ff[0] ; post-fitting ; connected ; Top                            ; post-synthesis    ; UART_UNCORE:i_UART_UNCORE|risc_v_mike_gpio_module:i_risc_v_mike_gpio_module|rx_data_ff[0] ; N/A                                                                                      ;
; UART_UNCORE:i_UART_UNCORE|risc_v_mike_gpio_module:i_risc_v_mike_gpio_module|rx_data_ff[1] ; post-fitting ; connected ; Top                            ; post-synthesis    ; UART_UNCORE:i_UART_UNCORE|risc_v_mike_gpio_module:i_risc_v_mike_gpio_module|rx_data_ff[1] ; N/A                                                                                      ;
; UART_UNCORE:i_UART_UNCORE|risc_v_mike_gpio_module:i_risc_v_mike_gpio_module|rx_data_ff[1] ; post-fitting ; connected ; Top                            ; post-synthesis    ; UART_UNCORE:i_UART_UNCORE|risc_v_mike_gpio_module:i_risc_v_mike_gpio_module|rx_data_ff[1] ; N/A                                                                                      ;
; UART_UNCORE:i_UART_UNCORE|risc_v_mike_gpio_module:i_risc_v_mike_gpio_module|rx_data_ff[2] ; post-fitting ; connected ; Top                            ; post-synthesis    ; UART_UNCORE:i_UART_UNCORE|risc_v_mike_gpio_module:i_risc_v_mike_gpio_module|rx_data_ff[2] ; N/A                                                                                      ;
; UART_UNCORE:i_UART_UNCORE|risc_v_mike_gpio_module:i_risc_v_mike_gpio_module|rx_data_ff[2] ; post-fitting ; connected ; Top                            ; post-synthesis    ; UART_UNCORE:i_UART_UNCORE|risc_v_mike_gpio_module:i_risc_v_mike_gpio_module|rx_data_ff[2] ; N/A                                                                                      ;
; UART_UNCORE:i_UART_UNCORE|risc_v_mike_gpio_module:i_risc_v_mike_gpio_module|rx_data_ff[3] ; post-fitting ; connected ; Top                            ; post-synthesis    ; UART_UNCORE:i_UART_UNCORE|risc_v_mike_gpio_module:i_risc_v_mike_gpio_module|rx_data_ff[3] ; N/A                                                                                      ;
; UART_UNCORE:i_UART_UNCORE|risc_v_mike_gpio_module:i_risc_v_mike_gpio_module|rx_data_ff[3] ; post-fitting ; connected ; Top                            ; post-synthesis    ; UART_UNCORE:i_UART_UNCORE|risc_v_mike_gpio_module:i_risc_v_mike_gpio_module|rx_data_ff[3] ; N/A                                                                                      ;
; UART_UNCORE:i_UART_UNCORE|risc_v_mike_gpio_module:i_risc_v_mike_gpio_module|rx_data_ff[4] ; post-fitting ; connected ; Top                            ; post-synthesis    ; UART_UNCORE:i_UART_UNCORE|risc_v_mike_gpio_module:i_risc_v_mike_gpio_module|rx_data_ff[4] ; N/A                                                                                      ;
; UART_UNCORE:i_UART_UNCORE|risc_v_mike_gpio_module:i_risc_v_mike_gpio_module|rx_data_ff[4] ; post-fitting ; connected ; Top                            ; post-synthesis    ; UART_UNCORE:i_UART_UNCORE|risc_v_mike_gpio_module:i_risc_v_mike_gpio_module|rx_data_ff[4] ; N/A                                                                                      ;
; UART_UNCORE:i_UART_UNCORE|risc_v_mike_gpio_module:i_risc_v_mike_gpio_module|rx_data_ff[5] ; post-fitting ; connected ; Top                            ; post-synthesis    ; UART_UNCORE:i_UART_UNCORE|risc_v_mike_gpio_module:i_risc_v_mike_gpio_module|rx_data_ff[5] ; N/A                                                                                      ;
; UART_UNCORE:i_UART_UNCORE|risc_v_mike_gpio_module:i_risc_v_mike_gpio_module|rx_data_ff[5] ; post-fitting ; connected ; Top                            ; post-synthesis    ; UART_UNCORE:i_UART_UNCORE|risc_v_mike_gpio_module:i_risc_v_mike_gpio_module|rx_data_ff[5] ; N/A                                                                                      ;
; UART_UNCORE:i_UART_UNCORE|risc_v_mike_gpio_module:i_risc_v_mike_gpio_module|rx_data_ff[6] ; post-fitting ; connected ; Top                            ; post-synthesis    ; UART_UNCORE:i_UART_UNCORE|risc_v_mike_gpio_module:i_risc_v_mike_gpio_module|rx_data_ff[6] ; N/A                                                                                      ;
; UART_UNCORE:i_UART_UNCORE|risc_v_mike_gpio_module:i_risc_v_mike_gpio_module|rx_data_ff[6] ; post-fitting ; connected ; Top                            ; post-synthesis    ; UART_UNCORE:i_UART_UNCORE|risc_v_mike_gpio_module:i_risc_v_mike_gpio_module|rx_data_ff[6] ; N/A                                                                                      ;
; UART_UNCORE:i_UART_UNCORE|risc_v_mike_gpio_module:i_risc_v_mike_gpio_module|rx_data_ff[7] ; post-fitting ; connected ; Top                            ; post-synthesis    ; UART_UNCORE:i_UART_UNCORE|risc_v_mike_gpio_module:i_risc_v_mike_gpio_module|rx_data_ff[7] ; N/A                                                                                      ;
; UART_UNCORE:i_UART_UNCORE|risc_v_mike_gpio_module:i_risc_v_mike_gpio_module|rx_data_ff[7] ; post-fitting ; connected ; Top                            ; post-synthesis    ; UART_UNCORE:i_UART_UNCORE|risc_v_mike_gpio_module:i_risc_v_mike_gpio_module|rx_data_ff[7] ; N/A                                                                                      ;
; UART_UNCORE:i_UART_UNCORE|risc_v_mike_gpio_module:i_risc_v_mike_gpio_module|tx_data_ff[0] ; post-fitting ; connected ; Top                            ; post-synthesis    ; UART_UNCORE:i_UART_UNCORE|risc_v_mike_gpio_module:i_risc_v_mike_gpio_module|tx_data_ff[0] ; N/A                                                                                      ;
; UART_UNCORE:i_UART_UNCORE|risc_v_mike_gpio_module:i_risc_v_mike_gpio_module|tx_data_ff[0] ; post-fitting ; connected ; Top                            ; post-synthesis    ; UART_UNCORE:i_UART_UNCORE|risc_v_mike_gpio_module:i_risc_v_mike_gpio_module|tx_data_ff[0] ; N/A                                                                                      ;
; UART_UNCORE:i_UART_UNCORE|risc_v_mike_gpio_module:i_risc_v_mike_gpio_module|tx_data_ff[1] ; post-fitting ; connected ; Top                            ; post-synthesis    ; UART_UNCORE:i_UART_UNCORE|risc_v_mike_gpio_module:i_risc_v_mike_gpio_module|tx_data_ff[1] ; N/A                                                                                      ;
; UART_UNCORE:i_UART_UNCORE|risc_v_mike_gpio_module:i_risc_v_mike_gpio_module|tx_data_ff[1] ; post-fitting ; connected ; Top                            ; post-synthesis    ; UART_UNCORE:i_UART_UNCORE|risc_v_mike_gpio_module:i_risc_v_mike_gpio_module|tx_data_ff[1] ; N/A                                                                                      ;
; UART_UNCORE:i_UART_UNCORE|risc_v_mike_gpio_module:i_risc_v_mike_gpio_module|tx_data_ff[2] ; post-fitting ; connected ; Top                            ; post-synthesis    ; UART_UNCORE:i_UART_UNCORE|risc_v_mike_gpio_module:i_risc_v_mike_gpio_module|tx_data_ff[2] ; N/A                                                                                      ;
; UART_UNCORE:i_UART_UNCORE|risc_v_mike_gpio_module:i_risc_v_mike_gpio_module|tx_data_ff[2] ; post-fitting ; connected ; Top                            ; post-synthesis    ; UART_UNCORE:i_UART_UNCORE|risc_v_mike_gpio_module:i_risc_v_mike_gpio_module|tx_data_ff[2] ; N/A                                                                                      ;
; UART_UNCORE:i_UART_UNCORE|risc_v_mike_gpio_module:i_risc_v_mike_gpio_module|tx_data_ff[3] ; post-fitting ; connected ; Top                            ; post-synthesis    ; UART_UNCORE:i_UART_UNCORE|risc_v_mike_gpio_module:i_risc_v_mike_gpio_module|tx_data_ff[3] ; N/A                                                                                      ;
; UART_UNCORE:i_UART_UNCORE|risc_v_mike_gpio_module:i_risc_v_mike_gpio_module|tx_data_ff[3] ; post-fitting ; connected ; Top                            ; post-synthesis    ; UART_UNCORE:i_UART_UNCORE|risc_v_mike_gpio_module:i_risc_v_mike_gpio_module|tx_data_ff[3] ; N/A                                                                                      ;
; UART_UNCORE:i_UART_UNCORE|risc_v_mike_gpio_module:i_risc_v_mike_gpio_module|tx_data_ff[4] ; post-fitting ; connected ; Top                            ; post-synthesis    ; UART_UNCORE:i_UART_UNCORE|risc_v_mike_gpio_module:i_risc_v_mike_gpio_module|tx_data_ff[4] ; N/A                                                                                      ;
; UART_UNCORE:i_UART_UNCORE|risc_v_mike_gpio_module:i_risc_v_mike_gpio_module|tx_data_ff[4] ; post-fitting ; connected ; Top                            ; post-synthesis    ; UART_UNCORE:i_UART_UNCORE|risc_v_mike_gpio_module:i_risc_v_mike_gpio_module|tx_data_ff[4] ; N/A                                                                                      ;
; UART_UNCORE:i_UART_UNCORE|risc_v_mike_gpio_module:i_risc_v_mike_gpio_module|tx_data_ff[5] ; post-fitting ; connected ; Top                            ; post-synthesis    ; UART_UNCORE:i_UART_UNCORE|risc_v_mike_gpio_module:i_risc_v_mike_gpio_module|tx_data_ff[5] ; N/A                                                                                      ;
; UART_UNCORE:i_UART_UNCORE|risc_v_mike_gpio_module:i_risc_v_mike_gpio_module|tx_data_ff[5] ; post-fitting ; connected ; Top                            ; post-synthesis    ; UART_UNCORE:i_UART_UNCORE|risc_v_mike_gpio_module:i_risc_v_mike_gpio_module|tx_data_ff[5] ; N/A                                                                                      ;
; UART_UNCORE:i_UART_UNCORE|risc_v_mike_gpio_module:i_risc_v_mike_gpio_module|tx_data_ff[6] ; post-fitting ; connected ; Top                            ; post-synthesis    ; UART_UNCORE:i_UART_UNCORE|risc_v_mike_gpio_module:i_risc_v_mike_gpio_module|tx_data_ff[6] ; N/A                                                                                      ;
; UART_UNCORE:i_UART_UNCORE|risc_v_mike_gpio_module:i_risc_v_mike_gpio_module|tx_data_ff[6] ; post-fitting ; connected ; Top                            ; post-synthesis    ; UART_UNCORE:i_UART_UNCORE|risc_v_mike_gpio_module:i_risc_v_mike_gpio_module|tx_data_ff[6] ; N/A                                                                                      ;
; UART_UNCORE:i_UART_UNCORE|risc_v_mike_gpio_module:i_risc_v_mike_gpio_module|tx_data_ff[7] ; post-fitting ; connected ; Top                            ; post-synthesis    ; UART_UNCORE:i_UART_UNCORE|risc_v_mike_gpio_module:i_risc_v_mike_gpio_module|tx_data_ff[7] ; N/A                                                                                      ;
; UART_UNCORE:i_UART_UNCORE|risc_v_mike_gpio_module:i_risc_v_mike_gpio_module|tx_data_ff[7] ; post-fitting ; connected ; Top                            ; post-synthesis    ; UART_UNCORE:i_UART_UNCORE|risc_v_mike_gpio_module:i_risc_v_mike_gpio_module|tx_data_ff[7] ; N/A                                                                                      ;
; auto_signaltap_0|gnd                                                                      ; post-fitting ; connected ; sld_signaltap:auto_signaltap_0 ; post-synthesis    ; sld_signaltap:auto_signaltap_0|~GND                                                       ; N/A                                                                                      ;
; auto_signaltap_0|gnd                                                                      ; post-fitting ; connected ; sld_signaltap:auto_signaltap_0 ; post-synthesis    ; sld_signaltap:auto_signaltap_0|~GND                                                       ; N/A                                                                                      ;
; auto_signaltap_0|gnd                                                                      ; post-fitting ; connected ; sld_signaltap:auto_signaltap_0 ; post-synthesis    ; sld_signaltap:auto_signaltap_0|~GND                                                       ; N/A                                                                                      ;
; auto_signaltap_0|gnd                                                                      ; post-fitting ; connected ; sld_signaltap:auto_signaltap_0 ; post-synthesis    ; sld_signaltap:auto_signaltap_0|~GND                                                       ; N/A                                                                                      ;
; auto_signaltap_0|gnd                                                                      ; post-fitting ; connected ; sld_signaltap:auto_signaltap_0 ; post-synthesis    ; sld_signaltap:auto_signaltap_0|~GND                                                       ; N/A                                                                                      ;
; auto_signaltap_0|gnd                                                                      ; post-fitting ; connected ; sld_signaltap:auto_signaltap_0 ; post-synthesis    ; sld_signaltap:auto_signaltap_0|~GND                                                       ; N/A                                                                                      ;
; auto_signaltap_0|gnd                                                                      ; post-fitting ; connected ; sld_signaltap:auto_signaltap_0 ; post-synthesis    ; sld_signaltap:auto_signaltap_0|~GND                                                       ; N/A                                                                                      ;
; auto_signaltap_0|gnd                                                                      ; post-fitting ; connected ; sld_signaltap:auto_signaltap_0 ; post-synthesis    ; sld_signaltap:auto_signaltap_0|~GND                                                       ; N/A                                                                                      ;
; auto_signaltap_0|gnd                                                                      ; post-fitting ; connected ; sld_signaltap:auto_signaltap_0 ; post-synthesis    ; sld_signaltap:auto_signaltap_0|~GND                                                       ; N/A                                                                                      ;
; auto_signaltap_0|gnd                                                                      ; post-fitting ; connected ; sld_signaltap:auto_signaltap_0 ; post-synthesis    ; sld_signaltap:auto_signaltap_0|~GND                                                       ; N/A                                                                                      ;
; auto_signaltap_0|gnd                                                                      ; post-fitting ; connected ; sld_signaltap:auto_signaltap_0 ; post-synthesis    ; sld_signaltap:auto_signaltap_0|~GND                                                       ; N/A                                                                                      ;
; auto_signaltap_0|gnd                                                                      ; post-fitting ; connected ; sld_signaltap:auto_signaltap_0 ; post-synthesis    ; sld_signaltap:auto_signaltap_0|~GND                                                       ; N/A                                                                                      ;
; auto_signaltap_0|gnd                                                                      ; post-fitting ; connected ; sld_signaltap:auto_signaltap_0 ; post-synthesis    ; sld_signaltap:auto_signaltap_0|~GND                                                       ; N/A                                                                                      ;
; auto_signaltap_0|gnd                                                                      ; post-fitting ; connected ; sld_signaltap:auto_signaltap_0 ; post-synthesis    ; sld_signaltap:auto_signaltap_0|~GND                                                       ; N/A                                                                                      ;
; auto_signaltap_0|gnd                                                                      ; post-fitting ; connected ; sld_signaltap:auto_signaltap_0 ; post-synthesis    ; sld_signaltap:auto_signaltap_0|~GND                                                       ; N/A                                                                                      ;
; auto_signaltap_0|vcc                                                                      ; post-fitting ; connected ; sld_signaltap:auto_signaltap_0 ; post-synthesis    ; sld_signaltap:auto_signaltap_0|~VCC                                                       ; N/A                                                                                      ;
; auto_signaltap_0|vcc                                                                      ; post-fitting ; connected ; sld_signaltap:auto_signaltap_0 ; post-synthesis    ; sld_signaltap:auto_signaltap_0|~VCC                                                       ; N/A                                                                                      ;
; auto_signaltap_0|vcc                                                                      ; post-fitting ; connected ; sld_signaltap:auto_signaltap_0 ; post-synthesis    ; sld_signaltap:auto_signaltap_0|~VCC                                                       ; N/A                                                                                      ;
; auto_signaltap_0|vcc                                                                      ; post-fitting ; connected ; sld_signaltap:auto_signaltap_0 ; post-synthesis    ; sld_signaltap:auto_signaltap_0|~VCC                                                       ; N/A                                                                                      ;
; auto_signaltap_0|vcc                                                                      ; post-fitting ; connected ; sld_signaltap:auto_signaltap_0 ; post-synthesis    ; sld_signaltap:auto_signaltap_0|~VCC                                                       ; N/A                                                                                      ;
; auto_signaltap_0|vcc                                                                      ; post-fitting ; connected ; sld_signaltap:auto_signaltap_0 ; post-synthesis    ; sld_signaltap:auto_signaltap_0|~VCC                                                       ; N/A                                                                                      ;
; auto_signaltap_0|vcc                                                                      ; post-fitting ; connected ; sld_signaltap:auto_signaltap_0 ; post-synthesis    ; sld_signaltap:auto_signaltap_0|~VCC                                                       ; N/A                                                                                      ;
; auto_signaltap_0|vcc                                                                      ; post-fitting ; connected ; sld_signaltap:auto_signaltap_0 ; post-synthesis    ; sld_signaltap:auto_signaltap_0|~VCC                                                       ; N/A                                                                                      ;
; auto_signaltap_0|vcc                                                                      ; post-fitting ; connected ; sld_signaltap:auto_signaltap_0 ; post-synthesis    ; sld_signaltap:auto_signaltap_0|~VCC                                                       ; N/A                                                                                      ;
; auto_signaltap_0|vcc                                                                      ; post-fitting ; connected ; sld_signaltap:auto_signaltap_0 ; post-synthesis    ; sld_signaltap:auto_signaltap_0|~VCC                                                       ; N/A                                                                                      ;
; auto_signaltap_0|vcc                                                                      ; post-fitting ; connected ; sld_signaltap:auto_signaltap_0 ; post-synthesis    ; sld_signaltap:auto_signaltap_0|~VCC                                                       ; N/A                                                                                      ;
; auto_signaltap_0|vcc                                                                      ; post-fitting ; connected ; sld_signaltap:auto_signaltap_0 ; post-synthesis    ; sld_signaltap:auto_signaltap_0|~VCC                                                       ; N/A                                                                                      ;
; auto_signaltap_0|vcc                                                                      ; post-fitting ; connected ; sld_signaltap:auto_signaltap_0 ; post-synthesis    ; sld_signaltap:auto_signaltap_0|~VCC                                                       ; N/A                                                                                      ;
; auto_signaltap_0|vcc                                                                      ; post-fitting ; connected ; sld_signaltap:auto_signaltap_0 ; post-synthesis    ; sld_signaltap:auto_signaltap_0|~VCC                                                       ; N/A                                                                                      ;
; auto_signaltap_0|vcc                                                                      ; post-fitting ; connected ; sld_signaltap:auto_signaltap_0 ; post-synthesis    ; sld_signaltap:auto_signaltap_0|~VCC                                                       ; N/A                                                                                      ;
; auto_signaltap_0|vcc                                                                      ; post-fitting ; connected ; sld_signaltap:auto_signaltap_0 ; post-synthesis    ; sld_signaltap:auto_signaltap_0|~VCC                                                       ; N/A                                                                                      ;
; auto_signaltap_0|vcc                                                                      ; post-fitting ; connected ; sld_signaltap:auto_signaltap_0 ; post-synthesis    ; sld_signaltap:auto_signaltap_0|~VCC                                                       ; N/A                                                                                      ;
; clk~inputCLKENA0                                                                          ; post-fitting ; connected ; Top                            ; post-synthesis    ; clk                                                                                       ; N/A                                                                                      ;
; pc_addr[0]~feeder                                                                         ; post-fitting ; missing   ; Top                            ; post-synthesis    ; GND                                                                                       ; The post-fitting netlist is not being used.  Set the partition's netlist type to source. ;
; pc_addr[0]~feeder                                                                         ; post-fitting ; missing   ; Top                            ; post-synthesis    ; GND                                                                                       ; The post-fitting netlist is not being used.  Set the partition's netlist type to source. ;
; pc_addr[10]~feeder                                                                        ; post-fitting ; missing   ; Top                            ; post-synthesis    ; GND                                                                                       ; The post-fitting netlist is not being used.  Set the partition's netlist type to source. ;
; pc_addr[10]~feeder                                                                        ; post-fitting ; missing   ; Top                            ; post-synthesis    ; GND                                                                                       ; The post-fitting netlist is not being used.  Set the partition's netlist type to source. ;
; pc_addr[11]~feeder                                                                        ; post-fitting ; missing   ; Top                            ; post-synthesis    ; GND                                                                                       ; The post-fitting netlist is not being used.  Set the partition's netlist type to source. ;
; pc_addr[11]~feeder                                                                        ; post-fitting ; missing   ; Top                            ; post-synthesis    ; GND                                                                                       ; The post-fitting netlist is not being used.  Set the partition's netlist type to source. ;
; pc_addr[12]~feeder                                                                        ; post-fitting ; missing   ; Top                            ; post-synthesis    ; GND                                                                                       ; The post-fitting netlist is not being used.  Set the partition's netlist type to source. ;
; pc_addr[12]~feeder                                                                        ; post-fitting ; missing   ; Top                            ; post-synthesis    ; GND                                                                                       ; The post-fitting netlist is not being used.  Set the partition's netlist type to source. ;
; pc_addr[13]~feeder                                                                        ; post-fitting ; missing   ; Top                            ; post-synthesis    ; GND                                                                                       ; The post-fitting netlist is not being used.  Set the partition's netlist type to source. ;
; pc_addr[13]~feeder                                                                        ; post-fitting ; missing   ; Top                            ; post-synthesis    ; GND                                                                                       ; The post-fitting netlist is not being used.  Set the partition's netlist type to source. ;
; pc_addr[14]~feeder                                                                        ; post-fitting ; missing   ; Top                            ; post-synthesis    ; GND                                                                                       ; The post-fitting netlist is not being used.  Set the partition's netlist type to source. ;
; pc_addr[14]~feeder                                                                        ; post-fitting ; missing   ; Top                            ; post-synthesis    ; GND                                                                                       ; The post-fitting netlist is not being used.  Set the partition's netlist type to source. ;
; pc_addr[15]~feeder                                                                        ; post-fitting ; missing   ; Top                            ; post-synthesis    ; GND                                                                                       ; The post-fitting netlist is not being used.  Set the partition's netlist type to source. ;
; pc_addr[15]~feeder                                                                        ; post-fitting ; missing   ; Top                            ; post-synthesis    ; GND                                                                                       ; The post-fitting netlist is not being used.  Set the partition's netlist type to source. ;
; pc_addr[16]~feeder                                                                        ; post-fitting ; missing   ; Top                            ; post-synthesis    ; GND                                                                                       ; The post-fitting netlist is not being used.  Set the partition's netlist type to source. ;
; pc_addr[16]~feeder                                                                        ; post-fitting ; missing   ; Top                            ; post-synthesis    ; GND                                                                                       ; The post-fitting netlist is not being used.  Set the partition's netlist type to source. ;
; pc_addr[17]~feeder                                                                        ; post-fitting ; missing   ; Top                            ; post-synthesis    ; GND                                                                                       ; The post-fitting netlist is not being used.  Set the partition's netlist type to source. ;
; pc_addr[17]~feeder                                                                        ; post-fitting ; missing   ; Top                            ; post-synthesis    ; GND                                                                                       ; The post-fitting netlist is not being used.  Set the partition's netlist type to source. ;
; pc_addr[18]~feeder                                                                        ; post-fitting ; missing   ; Top                            ; post-synthesis    ; GND                                                                                       ; The post-fitting netlist is not being used.  Set the partition's netlist type to source. ;
; pc_addr[18]~feeder                                                                        ; post-fitting ; missing   ; Top                            ; post-synthesis    ; GND                                                                                       ; The post-fitting netlist is not being used.  Set the partition's netlist type to source. ;
; pc_addr[19]~feeder                                                                        ; post-fitting ; missing   ; Top                            ; post-synthesis    ; GND                                                                                       ; The post-fitting netlist is not being used.  Set the partition's netlist type to source. ;
; pc_addr[19]~feeder                                                                        ; post-fitting ; missing   ; Top                            ; post-synthesis    ; GND                                                                                       ; The post-fitting netlist is not being used.  Set the partition's netlist type to source. ;
; pc_addr[1]~feeder                                                                         ; post-fitting ; missing   ; Top                            ; post-synthesis    ; GND                                                                                       ; The post-fitting netlist is not being used.  Set the partition's netlist type to source. ;
; pc_addr[1]~feeder                                                                         ; post-fitting ; missing   ; Top                            ; post-synthesis    ; GND                                                                                       ; The post-fitting netlist is not being used.  Set the partition's netlist type to source. ;
; pc_addr[20]~feeder                                                                        ; post-fitting ; missing   ; Top                            ; post-synthesis    ; GND                                                                                       ; The post-fitting netlist is not being used.  Set the partition's netlist type to source. ;
; pc_addr[20]~feeder                                                                        ; post-fitting ; missing   ; Top                            ; post-synthesis    ; GND                                                                                       ; The post-fitting netlist is not being used.  Set the partition's netlist type to source. ;
; pc_addr[21]~feeder                                                                        ; post-fitting ; missing   ; Top                            ; post-synthesis    ; GND                                                                                       ; The post-fitting netlist is not being used.  Set the partition's netlist type to source. ;
; pc_addr[21]~feeder                                                                        ; post-fitting ; missing   ; Top                            ; post-synthesis    ; GND                                                                                       ; The post-fitting netlist is not being used.  Set the partition's netlist type to source. ;
; pc_addr[23]~feeder                                                                        ; post-fitting ; missing   ; Top                            ; post-synthesis    ; GND                                                                                       ; The post-fitting netlist is not being used.  Set the partition's netlist type to source. ;
; pc_addr[23]~feeder                                                                        ; post-fitting ; missing   ; Top                            ; post-synthesis    ; GND                                                                                       ; The post-fitting netlist is not being used.  Set the partition's netlist type to source. ;
; pc_addr[24]~feeder                                                                        ; post-fitting ; missing   ; Top                            ; post-synthesis    ; GND                                                                                       ; The post-fitting netlist is not being used.  Set the partition's netlist type to source. ;
; pc_addr[24]~feeder                                                                        ; post-fitting ; missing   ; Top                            ; post-synthesis    ; GND                                                                                       ; The post-fitting netlist is not being used.  Set the partition's netlist type to source. ;
; pc_addr[25]~feeder                                                                        ; post-fitting ; missing   ; Top                            ; post-synthesis    ; GND                                                                                       ; The post-fitting netlist is not being used.  Set the partition's netlist type to source. ;
; pc_addr[25]~feeder                                                                        ; post-fitting ; missing   ; Top                            ; post-synthesis    ; GND                                                                                       ; The post-fitting netlist is not being used.  Set the partition's netlist type to source. ;
; pc_addr[26]~feeder                                                                        ; post-fitting ; missing   ; Top                            ; post-synthesis    ; GND                                                                                       ; The post-fitting netlist is not being used.  Set the partition's netlist type to source. ;
; pc_addr[26]~feeder                                                                        ; post-fitting ; missing   ; Top                            ; post-synthesis    ; GND                                                                                       ; The post-fitting netlist is not being used.  Set the partition's netlist type to source. ;
; pc_addr[27]~feeder                                                                        ; post-fitting ; missing   ; Top                            ; post-synthesis    ; GND                                                                                       ; The post-fitting netlist is not being used.  Set the partition's netlist type to source. ;
; pc_addr[27]~feeder                                                                        ; post-fitting ; missing   ; Top                            ; post-synthesis    ; GND                                                                                       ; The post-fitting netlist is not being used.  Set the partition's netlist type to source. ;
; pc_addr[28]~feeder                                                                        ; post-fitting ; missing   ; Top                            ; post-synthesis    ; GND                                                                                       ; The post-fitting netlist is not being used.  Set the partition's netlist type to source. ;
; pc_addr[28]~feeder                                                                        ; post-fitting ; missing   ; Top                            ; post-synthesis    ; GND                                                                                       ; The post-fitting netlist is not being used.  Set the partition's netlist type to source. ;
; pc_addr[29]~feeder                                                                        ; post-fitting ; missing   ; Top                            ; post-synthesis    ; GND                                                                                       ; The post-fitting netlist is not being used.  Set the partition's netlist type to source. ;
; pc_addr[29]~feeder                                                                        ; post-fitting ; missing   ; Top                            ; post-synthesis    ; GND                                                                                       ; The post-fitting netlist is not being used.  Set the partition's netlist type to source. ;
; pc_addr[2]~feeder                                                                         ; post-fitting ; missing   ; Top                            ; post-synthesis    ; GND                                                                                       ; The post-fitting netlist is not being used.  Set the partition's netlist type to source. ;
; pc_addr[2]~feeder                                                                         ; post-fitting ; missing   ; Top                            ; post-synthesis    ; GND                                                                                       ; The post-fitting netlist is not being used.  Set the partition's netlist type to source. ;
; pc_addr[30]~feeder                                                                        ; post-fitting ; missing   ; Top                            ; post-synthesis    ; GND                                                                                       ; The post-fitting netlist is not being used.  Set the partition's netlist type to source. ;
; pc_addr[30]~feeder                                                                        ; post-fitting ; missing   ; Top                            ; post-synthesis    ; GND                                                                                       ; The post-fitting netlist is not being used.  Set the partition's netlist type to source. ;
; pc_addr[31]~feeder                                                                        ; post-fitting ; missing   ; Top                            ; post-synthesis    ; GND                                                                                       ; The post-fitting netlist is not being used.  Set the partition's netlist type to source. ;
; pc_addr[31]~feeder                                                                        ; post-fitting ; missing   ; Top                            ; post-synthesis    ; GND                                                                                       ; The post-fitting netlist is not being used.  Set the partition's netlist type to source. ;
; pc_addr[3]~0                                                                              ; post-fitting ; connected ; Top                            ; post-synthesis    ; pc_addr[3]~0                                                                              ; N/A                                                                                      ;
; pc_addr[3]~0                                                                              ; post-fitting ; connected ; Top                            ; post-synthesis    ; pc_addr[3]~0                                                                              ; N/A                                                                                      ;
; pc_addr[3]~feeder                                                                         ; post-fitting ; missing   ; Top                            ; post-synthesis    ; GND                                                                                       ; The post-fitting netlist is not being used.  Set the partition's netlist type to source. ;
; pc_addr[3]~feeder                                                                         ; post-fitting ; missing   ; Top                            ; post-synthesis    ; GND                                                                                       ; The post-fitting netlist is not being used.  Set the partition's netlist type to source. ;
; pc_addr[4]~feeder                                                                         ; post-fitting ; missing   ; Top                            ; post-synthesis    ; GND                                                                                       ; The post-fitting netlist is not being used.  Set the partition's netlist type to source. ;
; pc_addr[4]~feeder                                                                         ; post-fitting ; missing   ; Top                            ; post-synthesis    ; GND                                                                                       ; The post-fitting netlist is not being used.  Set the partition's netlist type to source. ;
; pc_addr[5]~feeder                                                                         ; post-fitting ; missing   ; Top                            ; post-synthesis    ; GND                                                                                       ; The post-fitting netlist is not being used.  Set the partition's netlist type to source. ;
; pc_addr[5]~feeder                                                                         ; post-fitting ; missing   ; Top                            ; post-synthesis    ; GND                                                                                       ; The post-fitting netlist is not being used.  Set the partition's netlist type to source. ;
; pc_addr[6]~feeder                                                                         ; post-fitting ; missing   ; Top                            ; post-synthesis    ; GND                                                                                       ; The post-fitting netlist is not being used.  Set the partition's netlist type to source. ;
; pc_addr[6]~feeder                                                                         ; post-fitting ; missing   ; Top                            ; post-synthesis    ; GND                                                                                       ; The post-fitting netlist is not being used.  Set the partition's netlist type to source. ;
; pc_addr[7]~feeder                                                                         ; post-fitting ; missing   ; Top                            ; post-synthesis    ; GND                                                                                       ; The post-fitting netlist is not being used.  Set the partition's netlist type to source. ;
; pc_addr[7]~feeder                                                                         ; post-fitting ; missing   ; Top                            ; post-synthesis    ; GND                                                                                       ; The post-fitting netlist is not being used.  Set the partition's netlist type to source. ;
; pc_addr[8]~feeder                                                                         ; post-fitting ; missing   ; Top                            ; post-synthesis    ; GND                                                                                       ; The post-fitting netlist is not being used.  Set the partition's netlist type to source. ;
; pc_addr[8]~feeder                                                                         ; post-fitting ; missing   ; Top                            ; post-synthesis    ; GND                                                                                       ; The post-fitting netlist is not being used.  Set the partition's netlist type to source. ;
; pc_addr[9]~feeder                                                                         ; post-fitting ; missing   ; Top                            ; post-synthesis    ; GND                                                                                       ; The post-fitting netlist is not being used.  Set the partition's netlist type to source. ;
; pc_addr[9]~feeder                                                                         ; post-fitting ; missing   ; Top                            ; post-synthesis    ; GND                                                                                       ; The post-fitting netlist is not being used.  Set the partition's netlist type to source. ;
; risc_v_mike_ctrl:i_risc_v_mike_ctrl|curr_state[0]                                         ; post-fitting ; connected ; Top                            ; post-synthesis    ; risc_v_mike_ctrl:i_risc_v_mike_ctrl|curr_state[0]                                         ; N/A                                                                                      ;
; risc_v_mike_ctrl:i_risc_v_mike_ctrl|curr_state[0]                                         ; post-fitting ; connected ; Top                            ; post-synthesis    ; risc_v_mike_ctrl:i_risc_v_mike_ctrl|curr_state[0]                                         ; N/A                                                                                      ;
; risc_v_mike_ctrl:i_risc_v_mike_ctrl|curr_state[1]                                         ; post-fitting ; connected ; Top                            ; post-synthesis    ; risc_v_mike_ctrl:i_risc_v_mike_ctrl|curr_state[1]                                         ; N/A                                                                                      ;
; risc_v_mike_ctrl:i_risc_v_mike_ctrl|curr_state[1]                                         ; post-fitting ; connected ; Top                            ; post-synthesis    ; risc_v_mike_ctrl:i_risc_v_mike_ctrl|curr_state[1]                                         ; N/A                                                                                      ;
; risc_v_mike_ctrl:i_risc_v_mike_ctrl|curr_state[2]                                         ; post-fitting ; connected ; Top                            ; post-synthesis    ; risc_v_mike_ctrl:i_risc_v_mike_ctrl|curr_state[2]                                         ; N/A                                                                                      ;
; risc_v_mike_ctrl:i_risc_v_mike_ctrl|curr_state[2]                                         ; post-fitting ; connected ; Top                            ; post-synthesis    ; risc_v_mike_ctrl:i_risc_v_mike_ctrl|curr_state[2]                                         ; N/A                                                                                      ;
+-------------------------------------------------------------------------------------------+--------------+-----------+--------------------------------+-------------------+-------------------------------------------------------------------------------------------+------------------------------------------------------------------------------------------+


+-------------------------------------------------------------------------------------------------------------------------------------------+
; Partition Merge Partition Statistics                                                                                                      ;
+---------------------------------------------+--------+------------------+--------------------------------+--------------------------------+
; Statistic                                   ; Top    ; sld_hub:auto_hub ; sld_signaltap:auto_signaltap_0 ; hard_block:auto_generated_inst ;
+---------------------------------------------+--------+------------------+--------------------------------+--------------------------------+
; Estimate of Logic utilization (ALMs needed) ; 12518  ; 64               ; 530                            ; 0                              ;
;                                             ;        ;                  ;                                ;                                ;
; Combinational ALUT usage for logic          ; 8004   ; 94               ; 294                            ; 0                              ;
;     -- 7 input functions                    ; 8      ; 1                ; 0                              ; 0                              ;
;     -- 6 input functions                    ; 6685   ; 15               ; 70                             ; 0                              ;
;     -- 5 input functions                    ; 601    ; 20               ; 83                             ; 0                              ;
;     -- 4 input functions                    ; 258    ; 21               ; 21                             ; 0                              ;
;     -- <=3 input functions                  ; 452    ; 37               ; 120                            ; 0                              ;
; Memory ALUT usage                           ; 0      ; 0                ; 0                              ; 0                              ;
;     -- 64-address deep                      ; 0      ; 0                ; 0                              ; 0                              ;
;     -- 32-address deep                      ; 0      ; 0                ; 0                              ; 0                              ;
;                                             ;        ;                  ;                                ;                                ;
; Dedicated logic registers                   ; 17704  ; 90               ; 967                            ; 0                              ;
;                                             ;        ;                  ;                                ;                                ;
;                                             ;        ;                  ;                                ;                                ;
; I/O pins                                    ; 20     ; 0                ; 0                              ; 0                              ;
; I/O registers                               ; 0      ; 0                ; 0                              ; 0                              ;
; Total block memory bits                     ; 0      ; 0                ; 54272                          ; 0                              ;
; Total block memory implementation bits      ; 0      ; 0                ; 0                              ; 0                              ;
; JTAG                                        ; 0      ; 0                ; 0                              ; 1                              ;
;                                             ;        ;                  ;                                ;                                ;
; Connections                                 ;        ;                  ;                                ;                                ;
;     -- Input Connections                    ; 0      ; 133              ; 1494                           ; 1                              ;
;     -- Registered Input Connections         ; 0      ; 109              ; 1098                           ; 0                              ;
;     -- Output Connections                   ; 716    ; 288              ; 34                             ; 590                            ;
;     -- Registered Output Connections        ; 42     ; 288              ; 0                              ; 0                              ;
;                                             ;        ;                  ;                                ;                                ;
; Internal Connections                        ;        ;                  ;                                ;                                ;
;     -- Total Connections                    ; 116892 ; 946              ; 5637                           ; 599                            ;
;     -- Registered Connections               ; 21150  ; 766              ; 4086                           ; 0                              ;
;                                             ;        ;                  ;                                ;                                ;
; External Connections                        ;        ;                  ;                                ;                                ;
;     -- Top                                  ; 0      ; 0                ; 716                            ; 0                              ;
;     -- sld_hub:auto_hub                     ; 0      ; 20               ; 279                            ; 122                            ;
;     -- sld_signaltap:auto_signaltap_0       ; 716    ; 279              ; 64                             ; 469                            ;
;     -- hard_block:auto_generated_inst       ; 0      ; 122              ; 469                            ; 0                              ;
;                                             ;        ;                  ;                                ;                                ;
; Partition Interface                         ;        ;                  ;                                ;                                ;
;     -- Input Ports                          ; 8      ; 45               ; 228                            ; 4                              ;
;     -- Output Ports                         ; 16     ; 62               ; 121                            ; 9                              ;
;     -- Bidir Ports                          ; 0      ; 0                ; 0                              ; 0                              ;
;                                             ;        ;                  ;                                ;                                ;
; Registered Ports                            ;        ;                  ;                                ;                                ;
;     -- Registered Input Ports               ; 0      ; 13               ; 111                            ; 0                              ;
;     -- Registered Output Ports              ; 0      ; 29               ; 107                            ; 0                              ;
;                                             ;        ;                  ;                                ;                                ;
; Port Connectivity                           ;        ;                  ;                                ;                                ;
;     -- Input Ports driven by GND            ; 0      ; 0                ; 77                             ; 0                              ;
;     -- Output Ports driven by GND           ; 0      ; 28               ; 2                              ; 0                              ;
;     -- Input Ports driven by VCC            ; 0      ; 0                ; 17                             ; 0                              ;
;     -- Output Ports driven by VCC           ; 0      ; 0                ; 1                              ; 0                              ;
;     -- Input Ports with no Source           ; 0      ; 25               ; 57                             ; 0                              ;
;     -- Output Ports with no Source          ; 0      ; 0                ; 0                              ; 0                              ;
;     -- Input Ports with no Fanout           ; 0      ; 30               ; 71                             ; 0                              ;
;     -- Output Ports with no Fanout          ; 0      ; 29               ; 109                            ; 0                              ;
+---------------------------------------------+--------+------------------+--------------------------------+--------------------------------+
Note: Resource usage numbers presented for Partitions containing post-synthesis logic are estimates.  For Partitions containing post-fit logic, resource usage numbers are accurate based on previous placement information.  Actual Fitter results may vary depending on current Fitter Preservation Level assignments.


+----------------------------------------------------------------------------------------+
; Partition Merge Partition Pin Processing                                               ;
+-----------------------------------+-----------+---------------+----------+-------------+
; Name                              ; Partition ; Type          ; Location ; Status      ;
+-----------------------------------+-----------+---------------+----------+-------------+
; altera_reserved_tck               ; Top       ; Input Port    ; n/a      ;             ;
;     -- altera_reserved_tck        ; Top       ; Input Pad     ; Unplaced ; Synthesized ;
;     -- altera_reserved_tck~input  ; Top       ; Input Buffer  ; Unplaced ; Synthesized ;
;                                   ;           ;               ;          ;             ;
; altera_reserved_tdi               ; Top       ; Input Port    ; n/a      ;             ;
;     -- altera_reserved_tdi        ; Top       ; Input Pad     ; Unplaced ; Synthesized ;
;     -- altera_reserved_tdi~input  ; Top       ; Input Buffer  ; Unplaced ; Synthesized ;
;                                   ;           ;               ;          ;             ;
; altera_reserved_tdo               ; Top       ; Output Port   ; n/a      ;             ;
;     -- altera_reserved_tdo        ; Top       ; Output Pad    ; Unplaced ; Synthesized ;
;     -- altera_reserved_tdo~output ; Top       ; Output Buffer ; Unplaced ; Synthesized ;
;                                   ;           ;               ;          ;             ;
; altera_reserved_tms               ; Top       ; Input Port    ; n/a      ;             ;
;     -- altera_reserved_tms        ; Top       ; Input Pad     ; Unplaced ; Synthesized ;
;     -- altera_reserved_tms~input  ; Top       ; Input Buffer  ; Unplaced ; Synthesized ;
;                                   ;           ;               ;          ;             ;
; asci_or_hexa_rx                   ; Top       ; Input Port    ; n/a      ;             ;
;     -- asci_or_hexa_rx            ; Top       ; Input Pad     ; Unplaced ; Synthesized ;
;     -- asci_or_hexa_rx~input      ; Top       ; Input Buffer  ; Unplaced ; Synthesized ;
;                                   ;           ;               ;          ;             ;
; asci_or_hexa_tx                   ; Top       ; Input Port    ; n/a      ;             ;
;     -- asci_or_hexa_tx            ; Top       ; Input Pad     ; Unplaced ; Synthesized ;
;     -- asci_or_hexa_tx~input      ; Top       ; Input Buffer  ; Unplaced ; Synthesized ;
;                                   ;           ;               ;          ;             ;
; clk                               ; Top       ; Input Port    ; n/a      ;             ;
;     -- clk                        ; Top       ; Input Pad     ; Unplaced ; Synthesized ;
;     -- clk~input                  ; Top       ; Input Buffer  ; Unplaced ; Synthesized ;
;                                   ;           ;               ;          ;             ;
; rst                               ; Top       ; Input Port    ; n/a      ;             ;
;     -- rst                        ; Top       ; Input Pad     ; Unplaced ; Synthesized ;
;     -- rst~input                  ; Top       ; Input Buffer  ; Unplaced ; Synthesized ;
;                                   ;           ;               ;          ;             ;
; rx                                ; Top       ; Input Port    ; n/a      ;             ;
;     -- rx                         ; Top       ; Input Pad     ; Unplaced ; Synthesized ;
;     -- rx~input                   ; Top       ; Input Buffer  ; Unplaced ; Synthesized ;
;                                   ;           ;               ;          ;             ;
; seg_a                             ; Top       ; Output Port   ; n/a      ;             ;
;     -- seg_a                      ; Top       ; Output Pad    ; Unplaced ; Synthesized ;
;     -- seg_a~output               ; Top       ; Output Buffer ; Unplaced ; Synthesized ;
;                                   ;           ;               ;          ;             ;
; seg_b                             ; Top       ; Output Port   ; n/a      ;             ;
;     -- seg_b                      ; Top       ; Output Pad    ; Unplaced ; Synthesized ;
;     -- seg_b~output               ; Top       ; Output Buffer ; Unplaced ; Synthesized ;
;                                   ;           ;               ;          ;             ;
; seg_c                             ; Top       ; Output Port   ; n/a      ;             ;
;     -- seg_c                      ; Top       ; Output Pad    ; Unplaced ; Synthesized ;
;     -- seg_c~output               ; Top       ; Output Buffer ; Unplaced ; Synthesized ;
;                                   ;           ;               ;          ;             ;
; seg_d                             ; Top       ; Output Port   ; n/a      ;             ;
;     -- seg_d                      ; Top       ; Output Pad    ; Unplaced ; Synthesized ;
;     -- seg_d~output               ; Top       ; Output Buffer ; Unplaced ; Synthesized ;
;                                   ;           ;               ;          ;             ;
; seg_e                             ; Top       ; Output Port   ; n/a      ;             ;
;     -- seg_e                      ; Top       ; Output Pad    ; Unplaced ; Synthesized ;
;     -- seg_e~output               ; Top       ; Output Buffer ; Unplaced ; Synthesized ;
;                                   ;           ;               ;          ;             ;
; seg_f                             ; Top       ; Output Port   ; n/a      ;             ;
;     -- seg_f                      ; Top       ; Output Pad    ; Unplaced ; Synthesized ;
;     -- seg_f~output               ; Top       ; Output Buffer ; Unplaced ; Synthesized ;
;                                   ;           ;               ;          ;             ;
; seg_g                             ; Top       ; Output Port   ; n/a      ;             ;
;     -- seg_g                      ; Top       ; Output Pad    ; Unplaced ; Synthesized ;
;     -- seg_g~output               ; Top       ; Output Buffer ; Unplaced ; Synthesized ;
;                                   ;           ;               ;          ;             ;
; tx                                ; Top       ; Output Port   ; n/a      ;             ;
;     -- tx                         ; Top       ; Output Pad    ; Unplaced ; Synthesized ;
;     -- tx~output                  ; Top       ; Output Buffer ; Unplaced ; Synthesized ;
;                                   ;           ;               ;          ;             ;
; tx_seg_a                          ; Top       ; Output Port   ; n/a      ;             ;
;     -- tx_seg_a                   ; Top       ; Output Pad    ; Unplaced ; Synthesized ;
;     -- tx_seg_a~output            ; Top       ; Output Buffer ; Unplaced ; Synthesized ;
;                                   ;           ;               ;          ;             ;
; tx_seg_b                          ; Top       ; Output Port   ; n/a      ;             ;
;     -- tx_seg_b                   ; Top       ; Output Pad    ; Unplaced ; Synthesized ;
;     -- tx_seg_b~output            ; Top       ; Output Buffer ; Unplaced ; Synthesized ;
;                                   ;           ;               ;          ;             ;
; tx_seg_c                          ; Top       ; Output Port   ; n/a      ;             ;
;     -- tx_seg_c                   ; Top       ; Output Pad    ; Unplaced ; Synthesized ;
;     -- tx_seg_c~output            ; Top       ; Output Buffer ; Unplaced ; Synthesized ;
;                                   ;           ;               ;          ;             ;
; tx_seg_d                          ; Top       ; Output Port   ; n/a      ;             ;
;     -- tx_seg_d                   ; Top       ; Output Pad    ; Unplaced ; Synthesized ;
;     -- tx_seg_d~output            ; Top       ; Output Buffer ; Unplaced ; Synthesized ;
;                                   ;           ;               ;          ;             ;
; tx_seg_e                          ; Top       ; Output Port   ; n/a      ;             ;
;     -- tx_seg_e                   ; Top       ; Output Pad    ; Unplaced ; Synthesized ;
;     -- tx_seg_e~output            ; Top       ; Output Buffer ; Unplaced ; Synthesized ;
;                                   ;           ;               ;          ;             ;
; tx_seg_f                          ; Top       ; Output Port   ; n/a      ;             ;
;     -- tx_seg_f                   ; Top       ; Output Pad    ; Unplaced ; Synthesized ;
;     -- tx_seg_f~output            ; Top       ; Output Buffer ; Unplaced ; Synthesized ;
;                                   ;           ;               ;          ;             ;
; tx_seg_g                          ; Top       ; Output Port   ; n/a      ;             ;
;     -- tx_seg_g                   ; Top       ; Output Pad    ; Unplaced ; Synthesized ;
;     -- tx_seg_g~output            ; Top       ; Output Buffer ; Unplaced ; Synthesized ;
;                                   ;           ;               ;          ;             ;
+-----------------------------------+-----------+---------------+----------+-------------+


+---------------------------------------------------------+
; Partition Merge Resource Usage Summary                  ;
+---------------------------------------------+-----------+
; Resource                                    ; Usage     ;
+---------------------------------------------+-----------+
; Estimate of Logic utilization (ALMs needed) ; 13115     ;
;                                             ;           ;
; Combinational ALUT usage for logic          ; 8392      ;
;     -- 7 input functions                    ; 9         ;
;     -- 6 input functions                    ; 6770      ;
;     -- 5 input functions                    ; 704       ;
;     -- 4 input functions                    ; 300       ;
;     -- <=3 input functions                  ; 609       ;
;                                             ;           ;
; Dedicated logic registers                   ; 18761     ;
;                                             ;           ;
; I/O pins                                    ; 20        ;
; Total MLAB memory bits                      ; 0         ;
; Total block memory bits                     ; 54272     ;
;                                             ;           ;
; Total DSP Blocks                            ; 0         ;
;                                             ;           ;
; Maximum fan-out node                        ; clk~input ;
; Maximum fan-out                             ; 18314     ;
; Total fan-out                               ; 122405    ;
; Average fan-out                             ; 4.49      ;
+---------------------------------------------+-----------+


+------------------------------------------------------------------------------------------------------------------------------------------------------------------------------------------------------------------------------------------------------------------------------------------------------------+
; Partition Merge RAM Summary                                                                                                                                                                                                                                                                                ;
+-------------------------------------------------------------------------------------------------------------------------------------------------------------------------------------------------------+------+------------------+--------------+--------------+--------------+--------------+-------+------+
; Name                                                                                                                                                                                                  ; Type ; Mode             ; Port A Depth ; Port A Width ; Port B Depth ; Port B Width ; Size  ; MIF  ;
+-------------------------------------------------------------------------------------------------------------------------------------------------------------------------------------------------------+------+------------------+--------------+--------------+--------------+--------------+-------+------+
; sld_signaltap:auto_signaltap_0|sld_signaltap_impl:sld_signaltap_body|sld_signaltap_implb:sld_signaltap_body|altsyncram:\stp_non_zero_ram_gen:stp_buffer_ram|altsyncram_2h84:auto_generated|ALTSYNCRAM ; AUTO ; Simple Dual Port ; 1024         ; 53           ; 1024         ; 53           ; 54272 ; None ;
+-------------------------------------------------------------------------------------------------------------------------------------------------------------------------------------------------------+------+------------------+--------------+--------------+--------------+--------------+-------+------+


+--------------------------+
; Partition Merge Messages ;
+--------------------------+
Info: *******************************************************************
Info: Running Quartus Prime Partition Merge
    Info: Version 22.1std.2 Build 922 07/20/2023 SC Lite Edition
    Info: Processing started: Tue Mar 19 23:25:53 2024
Info: Command: quartus_cdb --read_settings_files=off --write_settings_files=off RISC_V_multi_UART -c RISC_V_multi_UART --merge=on
Warning (18236): Number of processors has not been specified which may cause overloading on shared machines.  Set the global assignment NUM_PARALLEL_PROCESSORS in your QSF to an appropriate value for best performance.
Info (35007): Using synthesis netlist for partition "Top"
Info (35007): Using synthesis netlist for partition "sld_hub:auto_hub"
Info (35007): Using synthesis netlist for partition "sld_signaltap:auto_signaltap_0"
Critical Warning (35025): Partially connected in-system debug instance "auto_signaltap_0" to 77 of its 139 required data inputs, trigger inputs, acquisition clocks, and dynamic pins.  There were 0 illegal, 0 inaccessible, and 62 missing sources or connections.
Info (35002): Resolved and merged 3 partition(s)
Info (16010): Generating hard_block partition "hard_block:auto_generated_inst"
    Info (16011): Adding 9 node(s), including 0 DDIO, 0 PLL, 0 transceiver and 0 LCELL
Critical Warning (138067): Current license file does not support incremental compilation. The Quartus Prime software removes all the user-specified design partitions in the design automatically.
Info (21057): Implemented 26915 device resources after synthesis - the final resource count might be different
    Info (21058): Implemented 8 input pins
    Info (21059): Implemented 16 output pins
    Info (21061): Implemented 26837 logic cells
    Info (21064): Implemented 53 RAM segments
Info: Quartus Prime Partition Merge was successful. 0 errors, 3 warnings
    Info: Peak virtual memory: 4831 megabytes
    Info: Processing ended: Tue Mar 19 23:25:57 2024
    Info: Elapsed time: 00:00:04
    Info: Total CPU time (on all processors): 00:00:02


